docker-compose :  Image bookstore-microservice-customer-service Building 
At line:1 char:1
+ docker-compose up --build > build_output.txt 2>&1; Get-Content build_ ...
+ ~~~~~~~~~~~~~~~~~~~~~~~~~~~~~~~~~~~~~~~~~~~~~~~~~
    + CategoryInfo          : NotSpecified: ( Image bookstor...rvice Building  
   :String) [], RemoteException
    + FullyQualifiedErrorId : NativeCommandError
 
 Image bookstore-microservice-book-service Building 
 Image bookstore-microservice-cart-service Building 
 Image bookstore-microservice-api-gateway Building 
#1 [internal] load local bake definitions
#1 reading from stdin 2.22kB done
#1 DONE 0.0s

#2 [cart-service internal] load build definition from Dockerfile
#2 transferring dockerfile: 244B done
#2 DONE 0.0s

#3 [customer-service internal] load build definition from Dockerfile
#3 transferring dockerfile: 244B done
#3 DONE 0.1s

#4 [book-service internal] load build definition from Dockerfile
#4 transferring dockerfile: 244B done
#4 DONE 0.1s

#5 [book-service internal] load metadata for docker.io/library/python:3.10-slim
#5 ...

#6 [api-gateway internal] load build definition from Dockerfile
#6 transferring dockerfile: 244B 0.0s done
#6 DONE 0.1s

#5 [api-gateway internal] load metadata for docker.io/library/python:3.10-slim
#5 DONE 1.8s

#7 [customer-service internal] load .dockerignore
#7 transferring context: 2B done
#7 DONE 0.0s

#8 [api-gateway internal] load .dockerignore
#8 transferring context: 2B done
#8 DONE 0.1s

#9 [cart-service internal] load .dockerignore
#9 transferring context: 2B done
#9 DONE 0.1s

#10 [book-service internal] load .dockerignore
#10 transferring context: 2B done
#10 DONE 0.1s

#11 [cart-service internal] load build context
#11 DONE 0.0s

#12 [cart-service 1/5] FROM docker.io/library/python:3.10-slim@sha256:4b0a8ebf16cf4563f3d3732bd4f4a464abb2f671b3b9d00aab281d705d224457
#12 resolve docker.io/library/python:3.10-slim@sha256:4b0a8ebf16cf4563f3d3732bd4f4a464abb2f671b3b9d00aab281d705d224457
#12 resolve docker.io/library/python:3.10-slim@sha256:4b0a8ebf16cf4563f3d3732bd4f4a464abb2f671b3b9d00aab281d705d224457 0.1s done
#12 DONE 0.1s

#13 [customer-service internal] load build context
#13 transferring context: 4.57kB done
#13 DONE 0.1s

#14 [api-gateway internal] load build context
#14 transferring context: 1.73kB 0.0s done
#14 DONE 0.1s

#11 [cart-service internal] load build context
#11 transferring context: 4.32kB 0.0s done
#11 DONE 0.1s

#15 [book-service internal] load build context
#15 transferring context: 1.86kB done
#15 DONE 0.1s

#16 [api-gateway 3/5] COPY requirements.txt .
#16 CACHED

#17 [api-gateway 2/5] WORKDIR /app
#17 CACHED

#18 [api-gateway 4/5] RUN pip install --no-cache-dir -r requirements.txt
#18 CACHED

#19 [api-gateway 5/5] COPY . .
#19 CACHED

#20 [book-service 3/5] COPY requirements.txt .
#20 CACHED

#21 [book-service 5/5] COPY . .
#21 CACHED

#22 [customer-service 3/5] COPY requirements.txt .
#22 CACHED

#23 [customer-service 4/5] RUN pip install --no-cache-dir -r requirements.txt
#23 CACHED

#24 [book-service 4/5] RUN pip install --no-cache-dir -r requirements.txt
#24 CACHED

#25 [cart-service 3/5] COPY requirements.txt .
#25 CACHED

#17 [cart-service 2/5] WORKDIR /app
#17 CACHED

#26 [cart-service 4/5] RUN pip install --no-cache-dir -r requirements.txt
#26 CACHED

#27 [book-service] exporting to image
#27 exporting layers done
#27 exporting manifest sha256:eee88b9957aa36a195ce27809f5bc3c7a7d55fffb0757e3a58c9d87417e98b0b done
#27 exporting config sha256:105a94c0074e1aed3b1d59e1440224c6a0f3d68a24b01ad78ec572fdf5f1e19f 0.0s done
#27 exporting attestation manifest sha256:13301fbfce535ffd02132c85da1427f657732d46a2ad77364fd6967ee466b691
#27 ...

#28 [customer-service 5/5] COPY . .
#28 DONE 0.2s

#29 [cart-service 5/5] COPY . .
#29 DONE 0.2s

#27 [book-service] exporting to image
#27 exporting attestation manifest sha256:13301fbfce535ffd02132c85da1427f657732d46a2ad77364fd6967ee466b691 0.2s done
#27 exporting manifest list sha256:7b3979d1685c09b4be5447786a615edc950da8b2498fb170bf830c80489604f3
#27 exporting manifest list sha256:7b3979d1685c09b4be5447786a615edc950da8b2498fb170bf830c80489604f3 0.1s done
#27 naming to docker.io/library/bookstore-microservice-book-service:latest 0.0s done
#27 unpacking to docker.io/library/bookstore-microservice-book-service:latest 0.0s done
#27 DONE 0.5s

#30 [api-gateway] exporting to image
#30 exporting layers done
#30 exporting manifest sha256:0985a8ecd8063715077fd7d8961d9e1b51e0d4245bee5202c732899187fa3705 0.0s done
#30 exporting config sha256:0c70d56f14a4dd8b64d35f3a20786e8bd40d527e85745ec54f8f194833a8a707 0.0s done
#30 exporting attestation manifest sha256:848dc92b077e7726eb9febfc35f376c1c8b5739514be6b2493abf18cdbad4e31 0.2s done
#30 exporting manifest list sha256:7d5b70d571794b86d64ae700212b8f8622f58fac0d6081df6224dcbed67a644b 0.1s done
#30 naming to docker.io/library/bookstore-microservice-api-gateway:latest 0.0s done
#30 unpacking to docker.io/library/bookstore-microservice-api-gateway:latest 0.0s done
#30 DONE 0.5s

#31 [cart-service] exporting to image
#31 exporting layers 0.6s done
#31 exporting manifest sha256:7f0fcd3b9db29bb1bf0eea86f7a4cc577682de4b7d6cd4f745d502d271458a16 0.1s done
#31 exporting config sha256:2f3c49beb50e08c0947f781f6263c9e88918de4bc603400ad05fec47642403ca
#31 exporting config sha256:2f3c49beb50e08c0947f781f6263c9e88918de4bc603400ad05fec47642403ca 0.1s done
#31 exporting attestation manifest sha256:95fe3329f7f8dd531dfb0faa2ebcfcf08df8e3a2bbe098283ccdff6cfb5f46e8
#31 exporting attestation manifest sha256:95fe3329f7f8dd531dfb0faa2ebcfcf08df8e3a2bbe098283ccdff6cfb5f46e8 0.2s done
#31 exporting manifest list sha256:db50ac9bb0f79b55b94ad938ee4ad7725fa2c4cfa0adb8a95b6cdd382eb37f19 0.1s done
#31 naming to docker.io/library/bookstore-microservice-cart-service:latest 0.0s done
#31 unpacking to docker.io/library/bookstore-microservice-cart-service:latest
#31 ...

#32 [book-service] resolving provenance for metadata file
#32 DONE 0.0s

#33 [customer-service] exporting to image
#33 exporting layers 0.6s done
#33 exporting manifest sha256:6a7cedb3674acb2dddcd547200b220b98dc9c3738672f19c953adf48a99382ee 0.1s done
#33 exporting config sha256:26c9697e4a0ba393d595d67c354a386514c1daac9d2a5eb6c0c4d50e602d141f 0.1s done
#33 exporting attestation manifest sha256:eeb0cb232cf4236f2b0816e5f67ea322a4e2711e5336862bf2456ade74692cfd 0.2s done
#33 exporting manifest list sha256:2a75239eff29247ae113cd5c8d6b39b0db0d45b6fee2ad2c679f1e75dc06db1a 0.1s done
#33 naming to docker.io/library/bookstore-microservice-customer-service:latest 0.0s done
#33 unpacking to docker.io/library/bookstore-microservice-customer-service:latest 0.1s done
#33 DONE 1.1s

#31 [cart-service] exporting to image
#31 unpacking to docker.io/library/bookstore-microservice-cart-service:latest 0.1s done
#31 DONE 1.1s

#34 [api-gateway] resolving provenance for metadata file
#34 DONE 0.0s

#35 [cart-service] resolving provenance for metadata file
#35 DONE 0.1s

#36 [customer-service] resolving provenance for metadata file
#36 DONE 0.0s
 Image bookstore-microservice-book-service Built 
 Image bookstore-microservice-cart-service Built 
 Image bookstore-microservice-customer-service Built 
 Image bookstore-microservice-api-gateway Built 
 Container bookstore-microservice-mysql-db-1 Running 
 Container bookstore-microservice-postgres-db-1 Running 
 Container bookstore-microservice-customer-service-1 Recreate 
 Container bookstore-microservice-api-gateway-1 Recreate 
 Container bookstore-microservice-cart-service-1 Recreate 
 Container bookstore-microservice-book-service-1 Recreate 
 Container bookstore-microservice-cart-service-1 Recreated 
 Container bookstore-microservice-customer-service-1 Recreated 
 Container bookstore-microservice-api-gateway-1 Recreated 
 Container bookstore-microservice-book-service-1 Recreated 
Attaching to api-gateway-1, book-service-1, cart-service-1, customer-service-1, mysql-db-1, postgres-db-1
 Container bookstore-microservice-postgres-db-1 Waiting 
 Container bookstore-microservice-postgres-db-1 Waiting 
 Container bookstore-microservice-mysql-db-1 Waiting 
 Container bookstore-microservice-mysql-db-1 Waiting 
 Container bookstore-microservice-mysql-db-1 Healthy 
 Container bookstore-microservice-postgres-db-1 Healthy 
 Container bookstore-microservice-book-service-1 Starting 
 Container bookstore-microservice-cart-service-1 Starting 
 Container bookstore-microservice-mysql-db-1 Healthy 
 Container bookstore-microservice-customer-service-1 Starting 
 Container bookstore-microservice-postgres-db-1 Healthy 
 Container bookstore-microservice-api-gateway-1 Starting 
 Container bookstore-microservice-book-service-1 Started 
 Container bookstore-microservice-cart-service-1 Started 
 Container bookstore-microservice-customer-service-1 Started 
 Container bookstore-microservice-api-gateway-1 Started 
book-service-1  | No changes detected in app 'app'
api-gateway-1   | No changes detected in app 'app'
cart-service-1  | No changes detected in app 'app'
customer-service-1  | No changes detected in app 'app'
api-gateway-1       | Operations to perform:
api-gateway-1       |   Apply all migrations: admin, auth, contenttypes, sessions
api-gateway-1       | Running migrations:
api-gateway-1       |   No migrations to apply.
cart-service-1      | Operations to perform:
cart-service-1      |   Apply all migrations: admin, app, auth, contenttypes, sessions
book-service-1      | Operations to perform:
book-service-1      |   Apply all migrations: admin, app, auth, contenttypes, sessions
cart-service-1      | Running migrations:
book-service-1      | Running migrations:
book-service-1      |   No migrations to apply.
customer-service-1  | Operations to perform:
customer-service-1  |   Apply all migrations: admin, app, auth, contenttypes, sessions
customer-service-1  | Running migrations:
customer-service-1  |   No migrations to apply.
cart-service-1      |   Applying app.0001_initial... OK
api-gateway-1       | Watching for file changes with StatReloader
api-gateway-1       | Performing system checks...
api-gateway-1       | 
api-gateway-1       | System check identified no issues (0 silenced).
book-service-1      | Watching for file changes with StatReloader
book-service-1      | Performing system checks...
book-service-1      | 
cart-service-1      | Watching for file changes with StatReloader
cart-service-1      | Performing system checks...
cart-service-1      | 
customer-service-1  | Watching for file changes with StatReloader
customer-service-1  | Performing system checks...
customer-service-1  | 
api-gateway-1       | March 10, 2026 - 09:38:03
api-gateway-1       | Django version 5.2.12, using settings 'api_gateway.settings'
api-gateway-1       | Starting development server at http://0.0.0.0:8000/
api-gateway-1       | Quit the server with CONTROL-C.
api-gateway-1       | 
api-gateway-1       | WARNING: This is a development server. Do not use it in a production setting. Use a production WSGI or ASGI server instead.
api-gateway-1       | For more information on production servers see: https://docs.djangoproject.com/en/5.2/howto/deployment/
book-service-1      | System check identified no issues (0 silenced).
cart-service-1      | System check identified no issues (0 silenced).
customer-service-1  | System check identified no issues (0 silenced).
book-service-1      | March 10, 2026 - 09:38:03
book-service-1      | Django version 5.2.12, using settings 'book_service.settings'
book-service-1      | Starting development server at http://0.0.0.0:8000/
book-service-1      | Quit the server with CONTROL-C.
book-service-1      | 
book-service-1      | WARNING: This is a development server. Do not use it in a production setting. Use a production WSGI or ASGI server instead.
book-service-1      | For more information on production servers see: https://docs.djangoproject.com/en/5.2/howto/deployment/
cart-service-1      | March 10, 2026 - 09:38:03
cart-service-1      | Django version 5.2.12, using settings 'cart_service.settings'
cart-service-1      | Starting development server at http://0.0.0.0:8000/
cart-service-1      | Quit the server with CONTROL-C.
cart-service-1      | 
cart-service-1      | WARNING: This is a development server. Do not use it in a production setting. Use a production WSGI or ASGI server instead.
cart-service-1      | For more information on production servers see: https://docs.djangoproject.com/en/5.2/howto/deployment/
customer-service-1  | March 10, 2026 - 09:38:03
customer-service-1  | Django version 5.2.12, using settings 'customer_service.settings'
customer-service-1  | Starting development server at http://0.0.0.0:8000/
customer-service-1  | Quit the server with CONTROL-C.
customer-service-1  | 
customer-service-1  | WARNING: This is a development server. Do not use it in a production setting. Use a production WSGI or ASGI server instead.
customer-service-1  | For more information on production servers see: https://docs.djangoproject.com/en/5.2/howto/deployment/
postgres-db-1       | 2026-03-10 09:40:51.780 UTC [62] LOG:  checkpoint 
starting: time
postgres-db-1       | 2026-03-10 09:41:07.485 UTC [62] LOG:  checkpoint 
complete: wrote 159 buffers (1.0%); 0 WAL file(s) added, 0 removed, 0 
recycled; write=15.661 s, sync=0.026 s, total=15.706 s; sync files=117, 
longest=0.005 s, average=0.001 s; distance=746 kB, estimate=746 kB

[Kapi-gateway-1 has been recreated

[Kbook-service-1 has been recreated

[Kcustomer-service-1 has been recreated

[Kcart-service-1 has been recreated

[Kbook-service-1 exited with code 137

[Kapi-gateway-1 exited with code 137

[Kcustomer-service-1 exited with code 137

[Kcart-service-1 exited with code 137
api-gateway-1       | No changes detected in app 'app'
customer-service-1  | No changes detected in app 'app'
book-service-1      | No changes detected in app 'app'
cart-service-1      | No changes detected in app 'app'
api-gateway-1       | Operations to perform:
api-gateway-1       |   Apply all migrations: admin, auth, contenttypes, sessions
api-gateway-1       | Running migrations:
api-gateway-1       |   No migrations to apply.
customer-service-1  | Operations to perform:
customer-service-1  |   Apply all migrations: admin, app, auth, contenttypes, sessions
customer-service-1  | Running migrations:
customer-service-1  |   No migrations to apply.
book-service-1      | Operations to perform:
book-service-1      |   Apply all migrations: admin, app, auth, contenttypes, sessions
book-service-1      | Running migrations:
book-service-1      |   No migrations to apply.
cart-service-1      | Operations to perform:
cart-service-1      |   Apply all migrations: admin, app, auth, contenttypes, sessions
cart-service-1      | Running migrations:
cart-service-1      |   No migrations to apply.
api-gateway-1       | Watching for file changes with StatReloader
api-gateway-1       | Performing system checks...
api-gateway-1       | 
api-gateway-1       | System check identified no issues (0 silenced).
api-gateway-1       | March 10, 2026 - 09:43:46
api-gateway-1       | Django version 5.2.12, using settings 'api_gateway.settings'
api-gateway-1       | Starting development server at http://0.0.0.0:8000/
api-gateway-1       | Quit the server with CONTROL-C.
api-gateway-1       | 
api-gateway-1       | WARNING: This is a development server. Do not use it in a production setting. Use a production WSGI or ASGI server instead.
api-gateway-1       | For more information on production servers see: https://docs.djangoproject.com/en/5.2/howto/deployment/
customer-service-1  | Watching for file changes with StatReloader
customer-service-1  | Performing system checks...
customer-service-1  | 
book-service-1      | Watching for file changes with StatReloader
book-service-1      | Performing system checks...
book-service-1      | 
cart-service-1      | Watching for file changes with StatReloader
cart-service-1      | Performing system checks...
cart-service-1      | 
book-service-1      | System check identified no issues (0 silenced).
customer-service-1  | System check identified no issues (0 silenced).
cart-service-1      | System check identified no issues (0 silenced).
customer-service-1  | March 10, 2026 - 09:43:46
customer-service-1  | Django version 5.2.12, using settings 'customer_service.settings'
customer-service-1  | Starting development server at http://0.0.0.0:8000/
customer-service-1  | Quit the server with CONTROL-C.
customer-service-1  | 
customer-service-1  | WARNING: This is a development server. Do not use it in a production setting. Use a production WSGI or ASGI server instead.
customer-service-1  | For more information on production servers see: https://docs.djangoproject.com/en/5.2/howto/deployment/
book-service-1      | March 10, 2026 - 09:43:46
book-service-1      | Django version 5.2.12, using settings 'book_service.settings'
book-service-1      | Starting development server at http://0.0.0.0:8000/
book-service-1      | Quit the server with CONTROL-C.
book-service-1      | 
book-service-1      | WARNING: This is a development server. Do not use it in a production setting. Use a production WSGI or ASGI server instead.
book-service-1      | For more information on production servers see: https://docs.djangoproject.com/en/5.2/howto/deployment/
cart-service-1      | March 10, 2026 - 09:43:46
cart-service-1      | Django version 5.2.12, using settings 'cart_service.settings'
cart-service-1      | Starting development server at http://0.0.0.0:8000/
cart-service-1      | Quit the server with CONTROL-C.
cart-service-1      | 
cart-service-1      | WARNING: This is a development server. Do not use it in a production setting. Use a production WSGI or ASGI server instead.
cart-service-1      | For more information on production servers see: https://docs.djangoproject.com/en/5.2/howto/deployment/
api-gateway-1       | Not Found: /
api-gateway-1       | [10/Mar/2026 09:45:16] "GET / HTTP/1.1" 404 2699
api-gateway-1       | Not Found: /favicon.ico
api-gateway-1       | [10/Mar/2026 09:45:16] "GET /favicon.ico HTTP/1.1" 404 2750

[Kcart-service-1 has been recreated

[Kapi-gateway-1 has been recreated

[Kbook-service-1 has been recreated

[Kcustomer-service-1 has been recreated

[Kcart-service-1 exited with code 137

[Kapi-gateway-1 exited with code 137

[Kbook-service-1 exited with code 137

[Kcustomer-service-1 exited with code 137
api-gateway-1       | No changes detected in app 'app'
customer-service-1  | No changes detected in app 'app'
book-service-1      | No changes detected in app 'app'
cart-service-1      | No changes detected in app 'app'
api-gateway-1       | Operations to perform:
api-gateway-1       |   Apply all migrations: admin, auth, contenttypes, sessions
api-gateway-1       | Running migrations:
api-gateway-1       |   No migrations to apply.
customer-service-1  | Operations to perform:
customer-service-1  |   Apply all migrations: admin, app, auth, contenttypes, sessions
customer-service-1  | Running migrations:
customer-service-1  |   No migrations to apply.
book-service-1      | Operations to perform:
book-service-1      |   Apply all migrations: admin, app, auth, contenttypes, sessions
cart-service-1      | Operations to perform:
cart-service-1      |   Apply all migrations: admin, app, auth, contenttypes, sessions
book-service-1      | Running migrations:
book-service-1      |   No migrations to apply.
cart-service-1      | Running migrations:
cart-service-1      |   No migrations to apply.
api-gateway-1       | Watching for file changes with StatReloader
api-gateway-1       | Performing system checks...
api-gateway-1       | 
api-gateway-1       | System check identified no issues (0 silenced).
api-gateway-1       | March 10, 2026 - 09:46:28
api-gateway-1       | Django version 5.2.12, using settings 'api_gateway.settings'
api-gateway-1       | Starting development server at http://0.0.0.0:8000/
api-gateway-1       | Quit the server with CONTROL-C.
api-gateway-1       | 
api-gateway-1       | WARNING: This is a development server. Do not use it in a production setting. Use a production WSGI or ASGI server instead.
api-gateway-1       | For more information on production servers see: https://docs.djangoproject.com/en/5.2/howto/deployment/
cart-service-1      | Watching for file changes with StatReloader
cart-service-1      | Performing system checks...
cart-service-1      | 
customer-service-1  | Watching for file changes with StatReloader
customer-service-1  | Performing system checks...
customer-service-1  | 
book-service-1      | Watching for file changes with StatReloader
book-service-1      | Performing system checks...
book-service-1      | 
cart-service-1      | System check identified no issues (0 silenced).
customer-service-1  | System check identified no issues (0 silenced).
book-service-1      | System check identified no issues (0 silenced).
cart-service-1      | March 10, 2026 - 09:46:28
cart-service-1      | Django version 5.2.12, using settings 'cart_service.settings'
cart-service-1      | Starting development server at http://0.0.0.0:8000/
cart-service-1      | Quit the server with CONTROL-C.
cart-service-1      | 
cart-service-1      | WARNING: This is a development server. Do not use it in a production setting. Use a production WSGI or ASGI server instead.
cart-service-1      | For more information on production servers see: https://docs.djangoproject.com/en/5.2/howto/deployment/
customer-service-1  | March 10, 2026 - 09:46:28
customer-service-1  | Django version 5.2.12, using settings 'customer_service.settings'
customer-service-1  | Starting development server at http://0.0.0.0:8000/
customer-service-1  | Quit the server with CONTROL-C.
customer-service-1  | 
customer-service-1  | WARNING: This is a development server. Do not use it in a production setting. Use a production WSGI or ASGI server instead.
customer-service-1  | For more information on production servers see: https://docs.djangoproject.com/en/5.2/howto/deployment/
book-service-1      | March 10, 2026 - 09:46:28
book-service-1      | Django version 5.2.12, using settings 'book_service.settings'
book-service-1      | Starting development server at http://0.0.0.0:8000/
book-service-1      | Quit the server with CONTROL-C.
book-service-1      | 
book-service-1      | WARNING: This is a development server. Do not use it in a production setting. Use a production WSGI or ASGI server instead.
book-service-1      | For more information on production servers see: https://docs.djangoproject.com/en/5.2/howto/deployment/
customer-service-1  | [10/Mar/2026 09:46:48] "GET /admin HTTP/1.1" 301 0
customer-service-1  | [10/Mar/2026 09:46:48] "GET /admin/ HTTP/1.1" 302 0
customer-service-1  | [10/Mar/2026 09:46:48] "GET /admin/login/?next=/admin/ HTTP/1.1" 200 4173
customer-service-1  | [10/Mar/2026 09:46:49] "GET /static/admin/css/dark_mode.css HTTP/1.1" 200 2808
customer-service-1  | [10/Mar/2026 09:46:49] "GET /static/admin/css/base.css HTTP/1.1" 200 22120
customer-service-1  | [10/Mar/2026 09:46:49] "GET /static/admin/css/nav_sidebar.css HTTP/1.1" 200 2810
customer-service-1  | [10/Mar/2026 09:46:49] "GET /static/admin/js/theme.js HTTP/1.1" 200 1653
customer-service-1  | [10/Mar/2026 09:46:49] "GET /static/admin/css/login.css HTTP/1.1" 200 951
customer-service-1  | [10/Mar/2026 09:46:49] "GET /static/admin/css/responsive.css HTTP/1.1" 200 16565
customer-service-1  | [10/Mar/2026 09:46:49] "GET /static/admin/js/nav_sidebar.js HTTP/1.1" 200 3063
customer-service-1  | Not Found: /favicon.ico
customer-service-1  | [10/Mar/2026 09:46:49] "GET /favicon.ico HTTP/1.1" 404 2461
book-service-1      | [10/Mar/2026 09:46:51] "GET /admin HTTP/1.1" 301 0
book-service-1      | [10/Mar/2026 09:46:51] "GET /admin/ HTTP/1.1" 302 0
book-service-1      | [10/Mar/2026 09:46:51] "GET /admin/login/?next=/admin/ HTTP/1.1" 200 4173
book-service-1      | [10/Mar/2026 09:46:51] "GET /static/admin/css/base.css HTTP/1.1" 200 22120
book-service-1      | [10/Mar/2026 09:46:51] "GET /static/admin/css/dark_mode.css HTTP/1.1" 200 2808
book-service-1      | [10/Mar/2026 09:46:51] "GET /static/admin/css/nav_sidebar.css HTTP/1.1" 200 2810
book-service-1      | [10/Mar/2026 09:46:51] "GET /static/admin/css/login.css HTTP/1.1" 200 951
book-service-1      | [10/Mar/2026 09:46:51] "GET /static/admin/css/responsive.css HTTP/1.1" 200 16565
book-service-1      | [10/Mar/2026 09:46:51] "GET /static/admin/js/theme.js HTTP/1.1" 200 1653
book-service-1      | [10/Mar/2026 09:46:51] "GET /static/admin/js/nav_sidebar.js HTTP/1.1" 200 3063
book-service-1      | Not Found: /favicon.ico
book-service-1      | [10/Mar/2026 09:46:51] "GET /favicon.ico HTTP/1.1" 404 2453
book-service-1      | [10/Mar/2026 09:46:59] "POST /admin/login/?next=/admin/ HTTP/1.1" 200 4341
book-service-1      | [10/Mar/2026 09:47:02] "POST /admin/login/?next=/admin/ HTTP/1.1" 200 4341
customer-service-1  | [10/Mar/2026 09:47:44] "POST /admin/login/?next=/admin/ HTTP/1.1" 200 4341
postgres-db-1       | 2026-03-10 09:48:49.137 UTC [753] LOG:  invalid length 
of startup packet
postgres-db-1       | 2026-03-10 09:48:50.231 UTC [754] LOG:  invalid length 
of startup packet
postgres-db-1       | 2026-03-10 09:48:55.280 UTC [755] LOG:  invalid length 
of startup packet
api-gateway-1       | [10/Mar/2026 09:49:02] "GET /admin HTTP/1.1" 301 0
api-gateway-1       | [10/Mar/2026 09:49:02] "GET /admin/ HTTP/1.1" 302 0
api-gateway-1       | [10/Mar/2026 09:49:02] "GET /admin/login/?next=/admin/ HTTP/1.1" 200 4173
api-gateway-1       | [10/Mar/2026 09:49:03] "GET /static/admin/css/base.css HTTP/1.1" 200 22120
api-gateway-1       | [10/Mar/2026 09:49:03] "GET /static/admin/css/dark_mode.css HTTP/1.1" 200 2808
api-gateway-1       | [10/Mar/2026 09:49:03] "GET /static/admin/css/nav_sidebar.css HTTP/1.1" 200 2810
api-gateway-1       | [10/Mar/2026 09:49:03] "GET /static/admin/js/theme.js HTTP/1.1" 200 1653
api-gateway-1       | [10/Mar/2026 09:49:03] "GET /static/admin/css/login.css HTTP/1.1" 200 951
api-gateway-1       | [10/Mar/2026 09:49:03] "GET /static/admin/css/responsive.css HTTP/1.1" 200 16565
api-gateway-1       | [10/Mar/2026 09:49:03] "GET /static/admin/js/nav_sidebar.js HTTP/1.1" 200 3063
api-gateway-1       | [10/Mar/2026 09:49:08] "POST /admin/login/?next=/admin/ HTTP/1.1" 302 0
api-gateway-1       | [10/Mar/2026 09:49:08] "GET /admin/ HTTP/1.1" 200 6097
api-gateway-1       | [10/Mar/2026 09:49:08] "GET /static/admin/css/dashboard.css HTTP/1.1" 200 441
api-gateway-1       | [10/Mar/2026 09:49:08] "GET /static/admin/img/icon-addlink.svg HTTP/1.1" 200 331
api-gateway-1       | [10/Mar/2026 09:49:08] "GET /static/admin/img/icon-changelink.svg HTTP/1.1" 200 380
customer-service-1  | [10/Mar/2026 09:49:12] "GET /admin/ HTTP/1.1" 302 0
customer-service-1  | [10/Mar/2026 09:49:12] "GET /admin/login/?next=/admin/ HTTP/1.1" 200 4173
customer-service-1  | [10/Mar/2026 09:49:12] "GET /static/admin/css/base.css HTTP/1.1" 304 0
customer-service-1  | [10/Mar/2026 09:49:12] "GET /static/admin/css/dark_mode.css HTTP/1.1" 304 0
customer-service-1  | [10/Mar/2026 09:49:12] "GET /static/admin/js/theme.js HTTP/1.1" 304 0
customer-service-1  | [10/Mar/2026 09:49:12] "GET /static/admin/css/nav_sidebar.css HTTP/1.1" 304 0
customer-service-1  | [10/Mar/2026 09:49:12] "GET /static/admin/css/responsive.css HTTP/1.1" 304 0
customer-service-1  | [10/Mar/2026 09:49:12] "GET /static/admin/css/login.css HTTP/1.1" 304 0
customer-service-1  | [10/Mar/2026 09:49:12] "GET /static/admin/js/nav_sidebar.js HTTP/1.1" 304 0
customer-service-1  | [10/Mar/2026 09:49:16] "POST /admin/login/?next=/admin/ HTTP/1.1" 302 0
customer-service-1  | [10/Mar/2026 09:49:16] "GET /admin/ HTTP/1.1" 200 7132
customer-service-1  | [10/Mar/2026 09:49:16] "GET /static/admin/css/dashboard.css HTTP/1.1" 200 441
customer-service-1  | [10/Mar/2026 09:49:16] "GET /static/admin/img/icon-addlink.svg HTTP/1.1" 200 331
customer-service-1  | [10/Mar/2026 09:49:16] "GET /static/admin/img/icon-changelink.svg HTTP/1.1" 200 380
book-service-1      | Session data corrupted
book-service-1      | [10/Mar/2026 09:49:21] "GET /admin/ HTTP/1.1" 302 0
book-service-1      | Session data corrupted
book-service-1      | [10/Mar/2026 09:49:21] "GET /admin/login/?next=/admin/ HTTP/1.1" 200 4173
book-service-1      | [10/Mar/2026 09:49:21] "GET /static/admin/css/base.css HTTP/1.1" 304 0
book-service-1      | [10/Mar/2026 09:49:21] "GET /static/admin/css/dark_mode.css HTTP/1.1" 304 0
book-service-1      | [10/Mar/2026 09:49:21] "GET /static/admin/css/login.css HTTP/1.1" 304 0
book-service-1      | [10/Mar/2026 09:49:21] "GET /static/admin/css/nav_sidebar.css HTTP/1.1" 304 0
book-service-1      | [10/Mar/2026 09:49:21] "GET /static/admin/js/theme.js HTTP/1.1" 304 0
book-service-1      | [10/Mar/2026 09:49:21] "GET /static/admin/css/responsive.css HTTP/1.1" 304 0
book-service-1      | [10/Mar/2026 09:49:21] "GET /static/admin/js/nav_sidebar.js HTTP/1.1" 304 0
cart-service-1      | [10/Mar/2026 09:49:22] "GET /admin HTTP/1.1" 301 0
cart-service-1      | [10/Mar/2026 09:49:22] "GET /admin/ HTTP/1.1" 302 0
cart-service-1      | [10/Mar/2026 09:49:22] "GET /admin/login/?next=/admin/ HTTP/1.1" 200 4173
cart-service-1      | [10/Mar/2026 09:49:23] "GET /static/admin/css/base.css HTTP/1.1" 200 22120
cart-service-1      | [10/Mar/2026 09:49:23] "GET /static/admin/css/dark_mode.css HTTP/1.1" 200 2808
cart-service-1      | [10/Mar/2026 09:49:23] "GET /static/admin/css/nav_sidebar.css HTTP/1.1" 200 2810
cart-service-1      | [10/Mar/2026 09:49:23] "GET /static/admin/css/login.css HTTP/1.1" 200 951
cart-service-1      | [10/Mar/2026 09:49:23] "GET /static/admin/js/theme.js HTTP/1.1" 200 1653
cart-service-1      | [10/Mar/2026 09:49:23] "GET /static/admin/css/responsive.css HTTP/1.1" 200 16565
cart-service-1      | [10/Mar/2026 09:49:23] "GET /static/admin/js/nav_sidebar.js HTTP/1.1" 200 3063
cart-service-1      | Not Found: /favicon.ico
cart-service-1      | [10/Mar/2026 09:49:23] "GET /favicon.ico HTTP/1.1" 404 2960
cart-service-1      | [10/Mar/2026 09:49:28] "POST /admin/login/?next=/admin/ HTTP/1.1" 302 0
cart-service-1      | [10/Mar/2026 09:49:28] "GET /admin/ HTTP/1.1" 200 7688
cart-service-1      | [10/Mar/2026 09:49:28] "GET /static/admin/css/dashboard.css HTTP/1.1" 200 441
cart-service-1      | [10/Mar/2026 09:49:28] "GET /static/admin/img/icon-addlink.svg HTTP/1.1" 200 331
cart-service-1      | [10/Mar/2026 09:49:28] "GET /static/admin/img/icon-changelink.svg HTTP/1.1" 200 380
book-service-1      | Forbidden (CSRF token from POST incorrect.): /admin/login/
book-service-1      | [10/Mar/2026 09:49:33] "POST /admin/login/?next=/admin/ HTTP/1.1" 403 2503
book-service-1      | [10/Mar/2026 09:49:37] "GET /admin/login/?next=/admin/ HTTP/1.1" 200 4173
book-service-1      | [10/Mar/2026 09:49:40] "POST /admin/login/?next=/admin/ HTTP/1.1" 302 0
book-service-1      | [10/Mar/2026 09:49:40] "GET /admin/ HTTP/1.1" 200 7100
book-service-1      | [10/Mar/2026 09:49:40] "GET /static/admin/css/dashboard.css HTTP/1.1" 200 441
book-service-1      | [10/Mar/2026 09:49:40] "GET /static/admin/img/icon-addlink.svg HTTP/1.1" 200 331
book-service-1      | [10/Mar/2026 09:49:40] "GET /static/admin/img/icon-changelink.svg HTTP/1.1" 200 380
postgres-db-1       | 2026-03-10 09:50:51.634 UTC [62] LOG:  checkpoint 
starting: time
postgres-db-1       | 2026-03-10 09:50:53.961 UTC [62] LOG:  checkpoint 
complete: wrote 24 buffers (0.1%); 0 WAL file(s) added, 0 removed, 0 recycled; 
write=2.309 s, sync=0.009 s, total=2.327 s; sync files=18, longest=0.003 s, 
average=0.001 s; distance=12 kB, estimate=672 kB

[Kapi-gateway-1 exited with code 137

[Kcart-service-1 exited with code 137
postgres-db-1       | 2026-03-10 09:53:36.999 UTC [1] LOG:  received fast 
shutdown request
postgres-db-1       | 2026-03-10 09:53:37.006 UTC [1] LOG:  aborting any 
active transactions
postgres-db-1       | 2026-03-10 09:53:37.012 UTC [1] LOG:  background worker 
"logical replication launcher" (PID 67) exited with exit code 1
postgres-db-1       | 2026-03-10 09:53:37.013 UTC [62] LOG:  shutting down
postgres-db-1       | 2026-03-10 09:53:37.017 UTC [62] LOG:  checkpoint 
starting: shutdown immediate
postgres-db-1       | 2026-03-10 09:53:37.028 UTC [62] LOG:  checkpoint 
complete: wrote 0 buffers (0.0%); 0 WAL file(s) added, 0 removed, 0 recycled; 
write=0.003 s, sync=0.001 s, total=0.015 s; sync files=0, longest=0.000 s, 
average=0.000 s; distance=0 kB, estimate=605 kB
postgres-db-1       | 2026-03-10 09:53:37.036 UTC [1] LOG:  database system is 
shut down

[Kcustomer-service-1 exited with code 137

[Kbook-service-1 exited with code 137
mysql-db-1          | 2026-03-10T09:53:37.201116Z 0 [System] [MY-013172] 
[Server] Received SHUTDOWN from user <via user signal>. Shutting down mysqld 
(Version: 8.0.45).

[Kpostgres-db-1 exited with code 0

[Kmysql-db-1 exited with code 137
